// Jest Snapshot v1, https://goo.gl/fbAQLP

exports[`Home renders 1`] = `
<div>
  <h2>
    Homie
  </h2>
</div>
`;
