// Jest Snapshot v1, https://goo.gl/fbAQLP

exports[`Show renders 1`] = `
<div>
  <h2>
    Showie
  </h2>
</div>
`;
